// Jest Snapshot v1, https://goo.gl/fbAQLP

exports[`Post matches a snapshot 1`] = `
Array [
  <a
    href="/posts/undefined"
    onClick={[Function]}
  >
    <h2>
      title
    </h2>
  </a>,
  <p>
    body
  </p>,
]
`;
