// Jest Snapshot v1, https://goo.gl/fbAQLP

exports[`Post matches a snapshot 1`] = `
Array [
  <h2>
    title
  </h2>,
  <p>
    body
  </p>,
  <h4>
    Comments
  </h4>,
  <ul>
    <li>
      <p>
        body1
      </p>
      <p>
        Email: 
      </p>
    </li>
    <li>
      <p>
        body2
      </p>
      <p>
        Email: 
      </p>
    </li>
  </ul>,
]
`;
