// Jest Snapshot v1, https://goo.gl/fbAQLP

exports[`User matches a snapshot 1`] = `
Array [
  <a
    href="/users/undefined"
    onClick={[Function]}
  >
    <h2>
      name
    </h2>
  </a>,
  <p>
    username
  </p>,
  <p>
    email@email
  </p>,
]
`;
