// Jest Snapshot v1, https://goo.gl/fbAQLP

exports[`Home matches a snapshot 1`] = `
Array [
  <h2>
    FEATURED POSTS
  </h2>,
  <ul>
    <li>
      <a
        className="link"
        href="/posts/undefined"
        onClick={[Function]}
      >
        <h3>
          title
        </h3>
      </a>
      <p
        className="postBody"
      >
        body
      </p>
    </li>
  </ul>,
]
`;
